#
# There is insufficient memory for the Java Runtime Environment to continue.
# Native memory allocation (malloc) failed to allocate 932976 bytes. Error detail: Chunk::new
# Possible reasons:
#   The system is out of physical RAM or swap space
#   This process is running with CompressedOops enabled, and the Java Heap may be blocking the growth of the native heap
# Possible solutions:
#   Reduce memory load on the system
#   Increase physical memory or swap space
#   Check if swap backing store is full
#   Decrease Java heap size (-Xmx/-Xms)
#   Decrease number of Java threads
#   Decrease Java thread stack sizes (-Xss)
#   Set larger code cache with -XX:ReservedCodeCacheSize=
#   JVM is running with Unscaled Compressed Oops mode in which the Java heap is
#     placed in the first 4GB address space. The Java Heap base address is the
#     maximum limit for the native heap growth. Please use -XX:HeapBaseMinAddress
#     to set the Java Heap base and to place the Java Heap above 4GB virtual address.
# This output file may be truncated or incomplete.
#
#  Out of Memory Error (arena.cpp:168), pid=38244, tid=39916
#
# JRE version: OpenJDK Runtime Environment (21.0.9) (build 21.0.9+-14649483-b1163.86)
# Java VM: OpenJDK 64-Bit Server VM (21.0.9+-14649483-b1163.86, mixed mode, tiered, compressed oops, compressed class ptrs, g1 gc, windows-amd64)
# No core dump will be written. Minidumps are not enabled by default on client versions of Windows
#

---------------  S U M M A R Y ------------

Command Line: -Dcom.android.sdklib.toolsdir=C:\Android\Sdk\cmdline-tools\latest\bin\\.. com.android.sdklib.tool.sdkmanager.SdkManagerCli --licenses

Host: AMD Ryzen 5 7535HS with Radeon Graphics        , 12 cores, 7G,  Windows 11 , 64 bit Build 26100 (10.0.26100.8328)
Time: Sat May 30 20:48:29 2026 Pakistan Standard Time elapsed time: 26.561199 seconds (0d 0h 0m 26s)

---------------  T H R E A D  ---------------

Current thread (0x000002597893fb30):  JavaThread "C2 CompilerThread0" daemon [_thread_in_native, id=39916, stack(0x000000d233600000,0x000000d233700000) (1024K)]


Current CompileTask:
C2:26561 3953       4       com.sun.org.apache.xerces.internal.impl.XMLNSDocumentScannerImpl::scanStartElement (1031 bytes)

Stack: [0x000000d233600000,0x000000d233700000]
Native frames: (J=compiled Java code, j=interpreted, Vv=VM code, C=native code)
V  [jvm.dll+0x6d6c99]
V  [jvm.dll+0x866b83]
V  [jvm.dll+0x86919e]
V  [jvm.dll+0x869883]
V  [jvm.dll+0x280776]
V  [jvm.dll+0xc07cd]
V  [jvm.dll+0xc0d03]
V  [jvm.dll+0x2f5a10]
V  [jvm.dll+0x5ff9a9]
V  [jvm.dll+0x252572]
V  [jvm.dll+0x24aeba]
V  [jvm.dll+0x24892e]
V  [jvm.dll+0x1c7344]
V  [jvm.dll+0x2581ae]
V  [jvm.dll+0x2566f6]
V  [jvm.dll+0x3f48a6]
V  [jvm.dll+0x80f118]
V  [jvm.dll+0x6d54ed]
C  [ucrtbase.dll+0x37b0]
C  [KERNEL32.DLL+0x2e957]
C  [ntdll.dll+0x427c]


---------------  P R O C E S S  ---------------

Threads class SMR info:
_java_thread_list=0x000002597e79b5a0, length=12, elements={
0x0000025960fff8d0, 0x0000025978909580, 0x00000259789220f0, 0x00000259789232d0,
0x0000025978939e60, 0x000002597893c8d0, 0x000002597893e340, 0x000002597893eda0,
0x000002597893fb30, 0x0000025978941140, 0x0000025978adf930, 0x000002597e358940
}

Java Threads: ( => current thread )
  0x0000025960fff8d0 JavaThread "main"                              [_thread_blocked, id=36408, stack(0x000000d232700000,0x000000d232800000) (1024K)]
  0x0000025978909580 JavaThread "Common-Cleaner"             daemon [_thread_blocked, id=20716, stack(0x000000d232f00000,0x000000d233000000) (1024K)]
  0x00000259789220f0 JavaThread "Reference Handler"          daemon [_thread_blocked, id=33832, stack(0x000000d233000000,0x000000d233100000) (1024K)]
  0x00000259789232d0 JavaThread "Finalizer"                  daemon [_thread_blocked, id=40300, stack(0x000000d233100000,0x000000d233200000) (1024K)]
  0x0000025978939e60 JavaThread "Signal Dispatcher"          daemon [_thread_blocked, id=35452, stack(0x000000d233200000,0x000000d233300000) (1024K)]
  0x000002597893c8d0 JavaThread "Attach Listener"            daemon [_thread_blocked, id=9780, stack(0x000000d233300000,0x000000d233400000) (1024K)]
  0x000002597893e340 JavaThread "Service Thread"             daemon [_thread_blocked, id=40176, stack(0x000000d233400000,0x000000d233500000) (1024K)]
  0x000002597893eda0 JavaThread "Monitor Deflation Thread"   daemon [_thread_blocked, id=40448, stack(0x000000d233500000,0x000000d233600000) (1024K)]
=>0x000002597893fb30 JavaThread "C2 CompilerThread0"         daemon [_thread_in_native, id=39916, stack(0x000000d233600000,0x000000d233700000) (1024K)]
  0x0000025978941140 JavaThread "C1 CompilerThread0"         daemon [_thread_blocked, id=33728, stack(0x000000d233700000,0x000000d233800000) (1024K)]
  0x0000025978adf930 JavaThread "Notification Thread"        daemon [_thread_blocked, id=15680, stack(0x000000d233800000,0x000000d233900000) (1024K)]
  0x000002597e358940 JavaThread "C2 CompilerThread1"         daemon [_thread_in_native, id=41740, stack(0x000000d234500000,0x000000d234600000) (1024K)]
Total: 12

Other Threads:
  0x00000259788b8070 VMThread "VM Thread"                           [id=17792, stack(0x000000d232e00000,0x000000d232f00000) (1024K)]
  0x00000259786f1150 WatcherThread "VM Periodic Task Thread"        [id=35608, stack(0x000000d232d00000,0x000000d232e00000) (1024K)]
  0x000002596104cd30 WorkerThread "GC Thread#0"                     [id=26304, stack(0x000000d232800000,0x000000d232900000) (1024K)]
  0x000002597d783710 WorkerThread "GC Thread#1"                     [id=26320, stack(0x000000d233900000,0x000000d233a00000) (1024K)]
  0x000002597d7b4a00 WorkerThread "GC Thread#2"                     [id=24472, stack(0x000000d233a00000,0x000000d233b00000) (1024K)]
  0x000002597d7b4da0 WorkerThread "GC Thread#3"                     [id=25588, stack(0x000000d233b00000,0x000000d233c00000) (1024K)]
  0x000002597d7b5140 WorkerThread "GC Thread#4"                     [id=36872, stack(0x000000d233c00000,0x000000d233d00000) (1024K)]
  0x000002597d7b94f0 WorkerThread "GC Thread#5"                     [id=40128, stack(0x000000d233d00000,0x000000d233e00000) (1024K)]
  0x000002597d7b9890 WorkerThread "GC Thread#6"                     [id=38300, stack(0x000000d233e00000,0x000000d233f00000) (1024K)]
  0x000002597db6a480 WorkerThread "GC Thread#7"                     [id=41424, stack(0x000000d233f00000,0x000000d234000000) (1024K)]
  0x000002597dd9a9d0 WorkerThread "GC Thread#8"                     [id=41428, stack(0x000000d234000000,0x000000d234100000) (1024K)]
  0x000002597dd2fd20 WorkerThread "GC Thread#9"                     [id=41432, stack(0x000000d234100000,0x000000d234200000) (1024K)]
  0x000002596105c3d0 ConcurrentGCThread "G1 Main Marker"            [id=40568, stack(0x000000d232900000,0x000000d232a00000) (1024K)]
  0x000002596105ced0 WorkerThread "G1 Conc#0"                       [id=40052, stack(0x000000d232a00000,0x000000d232b00000) (1024K)]
  0x000002597dd2f240 WorkerThread "G1 Conc#1"                       [id=41436, stack(0x000000d234200000,0x000000d234300000) (1024K)]
  0x000002597dd2f5e0 WorkerThread "G1 Conc#2"                       [id=41440, stack(0x000000d234300000,0x000000d234400000) (1024K)]
  0x00000259785c23a0 ConcurrentGCThread "G1 Refine#0"               [id=35624, stack(0x000000d232b00000,0x000000d232c00000) (1024K)]
  0x00000259785c3dc0 ConcurrentGCThread "G1 Service"                [id=39468, stack(0x000000d232c00000,0x000000d232d00000) (1024K)]
Total: 18

Threads with active compile tasks:
C2 CompilerThread0  27591 3953       4       com.sun.org.apache.xerces.internal.impl.XMLNSDocumentScannerImpl::scanStartElement (1031 bytes)
C2 CompilerThread1  27591 3931   !   4       com.sun.org.apache.xerces.internal.parsers.AbstractSAXParser::startElement (318 bytes)
Total: 2

VM state: not at safepoint (normal execution)

VM Mutex/Monitor currently owned by a thread: None

Heap address: 0x000000008ca00000, size: 1846 MB, Compressed Oops mode: 32-bit

CDS archive(s) not mapped
Compressed class space mapped at: 0x0000000100000000-0x0000000140000000, reserved size: 1073741824
Narrow klass base: 0x0000000000000000, Narrow klass shift: 3, Narrow klass range: 0x140000000

GC Precious Log:
 CardTable entry size: 512
 Card Set container configuration: InlinePtr #cards 5 size 8 Array Of Cards #cards 12 size 40 Howl #buckets 4 coarsen threshold 1843 Howl Bitmap #cards 512 size 80 coarsen threshold 460 Card regions per heap region 1 cards per card region 2048
 CPUs: 12 total, 12 available
 Memory: 7381M
 Large Page Support: Disabled
 NUMA Support: Disabled
 Compressed Oops: Enabled (32-bit)
 Heap Region Size: 1M
 Heap Min Capacity: 8M
 Heap Initial Capacity: 116M
 Heap Max Capacity: 1846M
 Pre-touch: Disabled
 Parallel Workers: 10
 Concurrent Workers: 3
 Concurrent Refinement Workers: 10
 Periodic GC: Disabled

Heap:
 garbage-first heap   total 50176K, used 19115K [0x000000008ca00000, 0x0000000100000000)
  region size 1024K, 4 young (4096K), 3 survivors (3072K)
 Metaspace       used 29581K, committed 29824K, reserved 1114112K
  class space    used 3145K, committed 3264K, reserved 1048576K

Heap Regions: E=young(eden), S=young(survivor), O=old, HS=humongous(starts), HC=humongous(continues), CS=collection set, F=free, TAMS=top-at-mark-start, PB=parsable bottom
|   0|0x000000008ca00000, 0x000000008cb00000, 0x000000008cb00000|100%| O|  |TAMS 0x000000008ca00000| PB 0x000000008ca00000| Untracked 
|   1|0x000000008cb00000, 0x000000008cc00000, 0x000000008cc00000|100%| O|  |TAMS 0x000000008cb00000| PB 0x000000008cb00000| Untracked 
|   2|0x000000008cc00000, 0x000000008cd00000, 0x000000008cd00000|100%| O|  |TAMS 0x000000008cc00000| PB 0x000000008cc00000| Untracked 
|   3|0x000000008cd00000, 0x000000008ce00000, 0x000000008ce00000|100%| O|  |TAMS 0x000000008cd00000| PB 0x000000008cd00000| Untracked 
|   4|0x000000008ce00000, 0x000000008cf00000, 0x000000008cf00000|100%| O|  |TAMS 0x000000008ce00000| PB 0x000000008ce00000| Untracked 
|   5|0x000000008cf00000, 0x000000008d000000, 0x000000008d000000|100%| O|  |TAMS 0x000000008cf00000| PB 0x000000008cf00000| Untracked 
|   6|0x000000008d000000, 0x000000008d100000, 0x000000008d100000|100%| O|  |TAMS 0x000000008d000000| PB 0x000000008d000000| Untracked 
|   7|0x000000008d100000, 0x000000008d200000, 0x000000008d200000|100%| O|  |TAMS 0x000000008d100000| PB 0x000000008d100000| Untracked 
|   8|0x000000008d200000, 0x000000008d300000, 0x000000008d300000|100%| O|  |TAMS 0x000000008d200000| PB 0x000000008d200000| Untracked 
|   9|0x000000008d300000, 0x000000008d400000, 0x000000008d400000|100%| O|  |TAMS 0x000000008d300000| PB 0x000000008d300000| Untracked 
|  10|0x000000008d400000, 0x000000008d500000, 0x000000008d500000|100%| O|  |TAMS 0x000000008d400000| PB 0x000000008d400000| Untracked 
|  11|0x000000008d500000, 0x000000008d600000, 0x000000008d600000|100%| O|  |TAMS 0x000000008d500000| PB 0x000000008d500000| Untracked 
|  12|0x000000008d600000, 0x000000008d700000, 0x000000008d700000|100%| O|  |TAMS 0x000000008d600000| PB 0x000000008d600000| Untracked 
|  13|0x000000008d700000, 0x000000008d800000, 0x000000008d800000|100%| O|  |TAMS 0x000000008d700000| PB 0x000000008d700000| Untracked 
|  14|0x000000008d800000, 0x000000008d900000, 0x000000008d900000|100%| O|  |TAMS 0x000000008d800000| PB 0x000000008d800000| Untracked 
|  15|0x000000008d900000, 0x000000008d960020, 0x000000008da00000| 37%| O|  |TAMS 0x000000008d900000| PB 0x000000008d900000| Untracked 
|  16|0x000000008da00000, 0x000000008da00000, 0x000000008db00000|  0%| F|  |TAMS 0x000000008da00000| PB 0x000000008da00000| Untracked 
|  17|0x000000008db00000, 0x000000008db00000, 0x000000008dc00000|  0%| F|  |TAMS 0x000000008db00000| PB 0x000000008db00000| Untracked 
|  18|0x000000008dc00000, 0x000000008dc00000, 0x000000008dd00000|  0%| F|  |TAMS 0x000000008dc00000| PB 0x000000008dc00000| Untracked 
|  19|0x000000008dd00000, 0x000000008dd4af20, 0x000000008de00000| 29%| S|CS|TAMS 0x000000008dd00000| PB 0x000000008dd00000| Complete 
|  20|0x000000008de00000, 0x000000008df00000, 0x000000008df00000|100%| S|CS|TAMS 0x000000008de00000| PB 0x000000008de00000| Complete 
|  21|0x000000008df00000, 0x000000008e000000, 0x000000008e000000|100%| S|CS|TAMS 0x000000008df00000| PB 0x000000008df00000| Complete 
|  22|0x000000008e000000, 0x000000008e000000, 0x000000008e100000|  0%| F|  |TAMS 0x000000008e000000| PB 0x000000008e000000| Untracked 
|  23|0x000000008e100000, 0x000000008e100000, 0x000000008e200000|  0%| F|  |TAMS 0x000000008e100000| PB 0x000000008e100000| Untracked 
|  24|0x000000008e200000, 0x000000008e200000, 0x000000008e300000|  0%| F|  |TAMS 0x000000008e200000| PB 0x000000008e200000| Untracked 
|  25|0x000000008e300000, 0x000000008e300000, 0x000000008e400000|  0%| F|  |TAMS 0x000000008e300000| PB 0x000000008e300000| Untracked 
|  26|0x000000008e400000, 0x000000008e400000, 0x000000008e500000|  0%| F|  |TAMS 0x000000008e400000| PB 0x000000008e400000| Untracked 
|  27|0x000000008e500000, 0x000000008e500000, 0x000000008e600000|  0%| F|  |TAMS 0x000000008e500000| PB 0x000000008e500000| Untracked 
|  28|0x000000008e600000, 0x000000008e600000, 0x000000008e700000|  0%| F|  |TAMS 0x000000008e600000| PB 0x000000008e600000| Untracked 
|  29|0x000000008e700000, 0x000000008e700000, 0x000000008e800000|  0%| F|  |TAMS 0x000000008e700000| PB 0x000000008e700000| Untracked 
|  30|0x000000008e800000, 0x000000008e800000, 0x000000008e900000|  0%| F|  |TAMS 0x000000008e800000| PB 0x000000008e800000| Untracked 
|  31|0x000000008e900000, 0x000000008e900000, 0x000000008ea00000|  0%| F|  |TAMS 0x000000008e900000| PB 0x000000008e900000| Untracked 
|  32|0x000000008ea00000, 0x000000008ea00000, 0x000000008eb00000|  0%| F|  |TAMS 0x000000008ea00000| PB 0x000000008ea00000| Untracked 
|  33|0x000000008eb00000, 0x000000008eb00000, 0x000000008ec00000|  0%| F|  |TAMS 0x000000008eb00000| PB 0x000000008eb00000| Untracked 
|  34|0x000000008ec00000, 0x000000008ec00000, 0x000000008ed00000|  0%| F|  |TAMS 0x000000008ec00000| PB 0x000000008ec00000| Untracked 
|  35|0x000000008ed00000, 0x000000008ed00000, 0x000000008ee00000|  0%| F|  |TAMS 0x000000008ed00000| PB 0x000000008ed00000| Untracked 
|  36|0x000000008ee00000, 0x000000008ee00000, 0x000000008ef00000|  0%| F|  |TAMS 0x000000008ee00000| PB 0x000000008ee00000| Untracked 
|  37|0x000000008ef00000, 0x000000008ef00000, 0x000000008f000000|  0%| F|  |TAMS 0x000000008ef00000| PB 0x000000008ef00000| Untracked 
|  38|0x000000008f000000, 0x000000008f000000, 0x000000008f100000|  0%| F|  |TAMS 0x000000008f000000| PB 0x000000008f000000| Untracked 
|  39|0x000000008f100000, 0x000000008f100000, 0x000000008f200000|  0%| F|  |TAMS 0x000000008f100000| PB 0x000000008f100000| Untracked 
|  40|0x000000008f200000, 0x000000008f200000, 0x000000008f300000|  0%| F|  |TAMS 0x000000008f200000| PB 0x000000008f200000| Untracked 
|  41|0x000000008f300000, 0x000000008f300000, 0x000000008f400000|  0%| F|  |TAMS 0x000000008f300000| PB 0x000000008f300000| Untracked 
|  42|0x000000008f400000, 0x000000008f400000, 0x000000008f500000|  0%| F|  |TAMS 0x000000008f400000| PB 0x000000008f400000| Untracked 
|  94|0x0000000092800000, 0x0000000092800000, 0x0000000092900000|  0%| F|  |TAMS 0x0000000092800000| PB 0x0000000092800000| Untracked 
|  95|0x0000000092900000, 0x0000000092900000, 0x0000000092a00000|  0%| F|  |TAMS 0x0000000092900000| PB 0x0000000092900000| Untracked 
| 113|0x0000000093b00000, 0x0000000093b00000, 0x0000000093c00000|  0%| F|  |TAMS 0x0000000093b00000| PB 0x0000000093b00000| Untracked 
| 114|0x0000000093c00000, 0x0000000093c00000, 0x0000000093d00000|  0%| F|  |TAMS 0x0000000093c00000| PB 0x0000000093c00000| Untracked 
| 115|0x0000000093d00000, 0x0000000093e00000, 0x0000000093e00000|100%| E|  |TAMS 0x0000000093d00000| PB 0x0000000093d00000| Complete 
|1845|0x00000000fff00000, 0x0000000100000000, 0x0000000100000000|100%| O|  |TAMS 0x00000000fff00000| PB 0x00000000fff00000| Untracked 

Card table byte_map: [0x0000025973a50000,0x0000025973df0000] _byte_map_base: 0x00000259735eb000

Marking Bits: (CMBitMap*) 0x000002596104d430
 Bits: [0x0000025973df0000, 0x0000025975ac8000)

Polling page: 0x000002595efd0000

Metaspace:

Usage:
  Non-class:     25.82 MB used.
      Class:      3.07 MB used.
       Both:     28.89 MB used.

Virtual space:
  Non-class space:       64.00 MB reserved,      25.94 MB ( 41%) committed,  1 nodes.
      Class space:        1.00 GB reserved,       3.19 MB ( <1%) committed,  1 nodes.
             Both:        1.06 GB reserved,      29.12 MB (  3%) committed. 

Chunk freelists:
   Non-Class:  5.88 MB
       Class:  12.85 MB
        Both:  18.73 MB

MaxMetaspaceSize: unlimited
CompressedClassSpaceSize: 1.00 GB
Initial GC threshold: 21.00 MB
Current GC threshold: 35.44 MB
CDS: off
 - commit_granule_bytes: 65536.
 - commit_granule_words: 8192.
 - virtual_space_node_default_size: 8388608.
 - enlarge_chunks_in_place: 1.
 - use_allocation_guard: 0.


Internal statistics:

num_allocs_failed_limit: 3.
num_arena_births: 294.
num_arena_deaths: 0.
num_vsnodes_births: 2.
num_vsnodes_deaths: 0.
num_space_committed: 465.
num_space_uncommitted: 0.
num_chunks_returned_to_freelist: 3.
num_chunks_taken_from_freelist: 792.
num_chunk_merges: 0.
num_chunk_splits: 490.
num_chunks_enlarged: 303.
num_inconsistent_stats: 0.

CodeHeap 'non-profiled nmethods': size=120000Kb used=1635Kb max_used=1635Kb free=118364Kb
 bounds [0x000002596bc30000, 0x000002596bea0000, 0x0000025973160000]
CodeHeap 'profiled nmethods': size=120000Kb used=8260Kb max_used=8260Kb free=111739Kb
 bounds [0x0000025964160000, 0x0000025964980000, 0x000002596b690000]
CodeHeap 'non-nmethods': size=5760Kb used=1414Kb max_used=1455Kb free=4346Kb
 bounds [0x000002596b690000, 0x000002596b900000, 0x000002596bc30000]
CodeCache: size=245760Kb, used=11309Kb, max_used=11350Kb, free=234449Kb
 total_blobs=4563, nmethods=3975, adapters=492, full_count=0
Compilation: enabled, stopped_count=0, restarted_count=0

Compilation events (20 events):
Event: 22.499 Thread 0x0000025978941140 3970       3       com.sun.xml.bind.v2.model.impl.RuntimeBuiltinLeafInfoImpl$14::parse (6 bytes)
Event: 22.499 Thread 0x0000025978941140 nmethod 3970 0x0000025964956f10 code [0x00000259649570c0, 0x0000025964957268]
Event: 22.499 Thread 0x0000025978941140 3971       3       com.sun.xml.bind.v2.model.impl.RuntimeBuiltinLeafInfoImpl$14::parse (5 bytes)
Event: 22.500 Thread 0x0000025978941140 nmethod 3971 0x0000025964957390 code [0x0000025964957540, 0x0000025964957678]
Event: 22.502 Thread 0x0000025978941140 3972       3       com.sun.xml.bind.v2.runtime.unmarshaller.UnmarshallingContext::getJAXBContext (8 bytes)
Event: 22.502 Thread 0x0000025978941140 nmethod 3972 0x0000025964957710 code [0x00000259649578a0, 0x00000259649579b8]
Event: 22.545 Thread 0x0000025978941140 3973       3       com.sun.org.apache.xerces.internal.impl.XMLDocumentScannerImpl::getPropertyDefault (40 bytes)
Event: 22.545 Thread 0x0000025978941140 nmethod 3973 0x0000025964957a90 code [0x0000025964957c60, 0x0000025964957f30]
Event: 22.545 Thread 0x0000025978941140 3974       3       com.sun.org.apache.xerces.internal.impl.XMLDocumentScannerImpl::setProperty (86 bytes)
Event: 22.547 Thread 0x0000025978941140 nmethod 3974 0x0000025964958090 code [0x0000025964958360, 0x0000025964959268]
Event: 22.547 Thread 0x0000025978941140 3975       3       com.sun.org.apache.xerces.internal.impl.XMLDocumentFragmentScannerImpl::setProperty (164 bytes)
Event: 22.549 Thread 0x0000025978941140 nmethod 3975 0x0000025964959710 code [0x0000025964959ac0, 0x000002596495b2a0]
Event: 22.549 Thread 0x0000025978941140 3976       3       com.sun.org.apache.xerces.internal.impl.dtd.XMLDTDProcessor::setProperty (1 bytes)
Event: 22.549 Thread 0x0000025978941140 nmethod 3976 0x000002596495b990 code [0x000002596495bb20, 0x000002596495bc28]
Event: 22.549 Thread 0x0000025978941140 3977       3       com.sun.org.apache.xerces.internal.impl.dtd.XMLDTDValidator::setProperty (1 bytes)
Event: 22.549 Thread 0x0000025978941140 nmethod 3977 0x000002596495bc90 code [0x000002596495be20, 0x000002596495bf28]
Event: 22.549 Thread 0x0000025978941140 3978       3       com.sun.org.apache.xerces.internal.impl.XMLEntityManager::setProperty (307 bytes)
Event: 22.553 Thread 0x0000025978941140 nmethod 3978 0x000002596495bf90 code [0x000002596495c480, 0x000002596495ed18]
Event: 22.553 Thread 0x0000025978941140 3979       3       com.sun.org.apache.xerces.internal.impl.XMLErrorReporter::setProperty (47 bytes)
Event: 22.554 Thread 0x0000025978941140 nmethod 3979 0x000002596495f810 code [0x000002596495fa60, 0x0000025964960348]

GC Heap History (20 events):
Event: 12.163 GC heap before
{Heap before GC invocations=3 (full 0):
 garbage-first heap   total 24576K, used 23024K [0x000000008ca00000, 0x0000000100000000)
  region size 1024K, 19 young (19456K), 2 survivors (2048K)
 Metaspace       used 27309K, committed 27584K, reserved 1114112K
  class space    used 2941K, committed 3072K, reserved 1048576K
}
Event: 12.179 GC heap after
{Heap after GC invocations=4 (full 0):
 garbage-first heap   total 29696K, used 9455K [0x000000008ca00000, 0x0000000100000000)
  region size 1024K, 5 young (5120K), 5 survivors (5120K)
 Metaspace       used 27309K, committed 27584K, reserved 1114112K
  class space    used 2941K, committed 3072K, reserved 1048576K
}
Event: 12.839 GC heap before
{Heap before GC invocations=4 (full 0):
 garbage-first heap   total 29696K, used 20719K [0x000000008ca00000, 0x0000000100000000)
  region size 1024K, 17 young (17408K), 5 survivors (5120K)
 Metaspace       used 27816K, committed 28032K, reserved 1114112K
  class space    used 2980K, committed 3072K, reserved 1048576K
}
Event: 12.847 GC heap after
{Heap after GC invocations=5 (full 0):
 garbage-first heap   total 30720K, used 11942K [0x000000008ca00000, 0x0000000100000000)
  region size 1024K, 3 young (3072K), 3 survivors (3072K)
 Metaspace       used 27816K, committed 28032K, reserved 1114112K
  class space    used 2980K, committed 3072K, reserved 1048576K
}
Event: 12.881 GC heap before
{Heap before GC invocations=5 (full 0):
 garbage-first heap   total 30720K, used 23206K [0x000000008ca00000, 0x0000000100000000)
  region size 1024K, 15 young (15360K), 3 survivors (3072K)
 Metaspace       used 27904K, committed 28160K, reserved 1114112K
  class space    used 2980K, committed 3072K, reserved 1048576K
}
Event: 12.888 GC heap after
{Heap after GC invocations=6 (full 0):
 garbage-first heap   total 30720K, used 12986K [0x000000008ca00000, 0x0000000100000000)
  region size 1024K, 2 young (2048K), 2 survivors (2048K)
 Metaspace       used 27904K, committed 28160K, reserved 1114112K
  class space    used 2980K, committed 3072K, reserved 1048576K
}
Event: 12.965 GC heap before
{Heap before GC invocations=6 (full 0):
 garbage-first heap   total 30720K, used 23226K [0x000000008ca00000, 0x0000000100000000)
  region size 1024K, 13 young (13312K), 2 survivors (2048K)
 Metaspace       used 27930K, committed 28160K, reserved 1114112K
  class space    used 2983K, committed 3072K, reserved 1048576K
}
Event: 12.968 GC heap after
{Heap after GC invocations=7 (full 0):
 garbage-first heap   total 30720K, used 13677K [0x000000008ca00000, 0x0000000100000000)
  region size 1024K, 2 young (2048K), 2 survivors (2048K)
 Metaspace       used 27930K, committed 28160K, reserved 1114112K
  class space    used 2983K, committed 3072K, reserved 1048576K
}
Event: 13.108 GC heap before
{Heap before GC invocations=7 (full 0):
 garbage-first heap   total 30720K, used 23917K [0x000000008ca00000, 0x0000000100000000)
  region size 1024K, 13 young (13312K), 2 survivors (2048K)
 Metaspace       used 27959K, committed 28160K, reserved 1114112K
  class space    used 2983K, committed 3072K, reserved 1048576K
}
Event: 13.117 GC heap after
{Heap after GC invocations=8 (full 0):
 garbage-first heap   total 50176K, used 14202K [0x000000008ca00000, 0x0000000100000000)
  region size 1024K, 2 young (2048K), 2 survivors (2048K)
 Metaspace       used 27959K, committed 28160K, reserved 1114112K
  class space    used 2983K, committed 3072K, reserved 1048576K
}
Event: 14.244 GC heap before
{Heap before GC invocations=8 (full 0):
 garbage-first heap   total 50176K, used 38778K [0x000000008ca00000, 0x0000000100000000)
  region size 1024K, 27 young (27648K), 2 survivors (2048K)
 Metaspace       used 28032K, committed 28288K, reserved 1114112K
  class space    used 2985K, committed 3072K, reserved 1048576K
}
Event: 14.246 GC heap after
{Heap after GC invocations=9 (full 0):
 garbage-first heap   total 50176K, used 15480K [0x000000008ca00000, 0x0000000100000000)
  region size 1024K, 3 young (3072K), 3 survivors (3072K)
 Metaspace       used 28032K, committed 28288K, reserved 1114112K
  class space    used 2985K, committed 3072K, reserved 1048576K
}
Event: 14.253 GC heap before
{Heap before GC invocations=9 (full 0):
 garbage-first heap   total 50176K, used 40056K [0x000000008ca00000, 0x0000000100000000)
  region size 1024K, 28 young (28672K), 3 survivors (3072K)
 Metaspace       used 28032K, committed 28288K, reserved 1114112K
  class space    used 2985K, committed 3072K, reserved 1048576K
}
Event: 14.255 GC heap after
{Heap after GC invocations=10 (full 0):
 garbage-first heap   total 50176K, used 17600K [0x000000008ca00000, 0x0000000100000000)
  region size 1024K, 4 young (4096K), 4 survivors (4096K)
 Metaspace       used 28032K, committed 28288K, reserved 1114112K
  class space    used 2985K, committed 3072K, reserved 1048576K
}
Event: 15.282 GC heap before
{Heap before GC invocations=10 (full 0):
 garbage-first heap   total 50176K, used 39104K [0x000000008ca00000, 0x0000000100000000)
  region size 1024K, 26 young (26624K), 4 survivors (4096K)
 Metaspace       used 28049K, committed 28288K, reserved 1114112K
  class space    used 2985K, committed 3072K, reserved 1048576K
}
Event: 15.284 GC heap after
{Heap after GC invocations=11 (full 0):
 garbage-first heap   total 50176K, used 17482K [0x000000008ca00000, 0x0000000100000000)
  region size 1024K, 3 young (3072K), 3 survivors (3072K)
 Metaspace       used 28049K, committed 28288K, reserved 1114112K
  class space    used 2985K, committed 3072K, reserved 1048576K
}
Event: 18.697 GC heap before
{Heap before GC invocations=11 (full 0):
 garbage-first heap   total 50176K, used 40010K [0x000000008ca00000, 0x0000000100000000)
  region size 1024K, 26 young (26624K), 3 survivors (3072K)
 Metaspace       used 29259K, committed 29504K, reserved 1114112K
  class space    used 3119K, committed 3200K, reserved 1048576K
}
Event: 18.700 GC heap after
{Heap after GC invocations=12 (full 0):
 garbage-first heap   total 50176K, used 18104K [0x000000008ca00000, 0x0000000100000000)
  region size 1024K, 2 young (2048K), 2 survivors (2048K)
 Metaspace       used 29259K, committed 29504K, reserved 1114112K
  class space    used 3119K, committed 3200K, reserved 1048576K
}
Event: 22.293 GC heap before
{Heap before GC invocations=12 (full 0):
 garbage-first heap   total 50176K, used 40632K [0x000000008ca00000, 0x0000000100000000)
  region size 1024K, 25 young (25600K), 2 survivors (2048K)
 Metaspace       used 29515K, committed 29824K, reserved 1114112K
  class space    used 3139K, committed 3264K, reserved 1048576K
}
Event: 22.297 GC heap after
{Heap after GC invocations=13 (full 0):
 garbage-first heap   total 50176K, used 18715K [0x000000008ca00000, 0x0000000100000000)
  region size 1024K, 2 young (2048K), 2 survivors (2048K)
 Metaspace       used 29515K, committed 29824K, reserved 1114112K
  class space    used 3139K, committed 3264K, reserved 1048576K
}

Dll operation events (2 events):
Event: 0.021 Loaded shared library C:\Program Files\Android\Android Studio\jbr\bin\java.dll
Event: 0.043 Loaded shared library C:\Program Files\Android\Android Studio\jbr\bin\zip.dll

Deoptimization events (20 events):
Event: 22.151 Thread 0x0000025960fff8d0 DEOPT PACKING pc=0x00000259648e7259 sp=0x000000d2327fdae0
Event: 22.151 Thread 0x0000025960fff8d0 DEOPT UNPACKING pc=0x000002596b6e4b42 sp=0x000000d2327fcfa0 mode 0
Event: 22.153 Thread 0x0000025960fff8d0 DEOPT PACKING pc=0x0000025964878157 sp=0x000000d2327fd4a0
Event: 22.153 Thread 0x0000025960fff8d0 DEOPT UNPACKING pc=0x000002596b6e4b42 sp=0x000000d2327fc938 mode 0
Event: 22.154 Thread 0x0000025960fff8d0 DEOPT PACKING pc=0x00000259648e7259 sp=0x000000d2327fdae0
Event: 22.154 Thread 0x0000025960fff8d0 DEOPT UNPACKING pc=0x000002596b6e4b42 sp=0x000000d2327fcfa0 mode 0
Event: 22.154 Thread 0x0000025960fff8d0 DEOPT PACKING pc=0x000002596487b52a sp=0x000000d2327fd380
Event: 22.154 Thread 0x0000025960fff8d0 DEOPT UNPACKING pc=0x000002596b6e4b42 sp=0x000000d2327fc8b0 mode 0
Event: 22.156 Thread 0x0000025960fff8d0 DEOPT PACKING pc=0x000002596487b52a sp=0x000000d2327fd380
Event: 22.156 Thread 0x0000025960fff8d0 DEOPT UNPACKING pc=0x000002596b6e4b42 sp=0x000000d2327fc8b0 mode 0
Event: 22.157 Thread 0x0000025960fff8d0 DEOPT PACKING pc=0x0000025964878157 sp=0x000000d2327fd4a0
Event: 22.157 Thread 0x0000025960fff8d0 DEOPT UNPACKING pc=0x000002596b6e4b42 sp=0x000000d2327fc938 mode 0
Event: 22.157 Thread 0x0000025960fff8d0 DEOPT PACKING pc=0x00000259648e7259 sp=0x000000d2327fdae0
Event: 22.157 Thread 0x0000025960fff8d0 DEOPT UNPACKING pc=0x000002596b6e4b42 sp=0x000000d2327fcfa0 mode 0
Event: 22.160 Thread 0x0000025960fff8d0 DEOPT PACKING pc=0x00000259648e7259 sp=0x000000d2327fdae0
Event: 22.160 Thread 0x0000025960fff8d0 DEOPT UNPACKING pc=0x000002596b6e4b42 sp=0x000000d2327fcfa0 mode 0
Event: 22.162 Thread 0x0000025960fff8d0 DEOPT PACKING pc=0x000002596487b52a sp=0x000000d2327fd380
Event: 22.162 Thread 0x0000025960fff8d0 DEOPT UNPACKING pc=0x000002596b6e4b42 sp=0x000000d2327fc8b0 mode 0
Event: 22.164 Thread 0x0000025960fff8d0 DEOPT PACKING pc=0x0000025964878157 sp=0x000000d2327fd4a0
Event: 22.164 Thread 0x0000025960fff8d0 DEOPT UNPACKING pc=0x000002596b6e4b42 sp=0x000000d2327fc938 mode 0

Classes loaded (20 events):
Event: 16.374 Loading class java/io/StringWriter
Event: 16.375 Loading class java/io/StringWriter done
Event: 16.421 Loading class java/io/PrintWriter
Event: 16.422 Loading class java/io/PrintWriter done
Event: 16.429 Loading class java/lang/reflect/AnnotatedType
Event: 16.430 Loading class java/lang/reflect/AnnotatedType done
Event: 16.519 Loading class java/lang/foreign/ValueLayout
Event: 16.520 Loading class java/lang/foreign/MemoryLayout
Event: 16.521 Loading class java/lang/foreign/MemoryLayout done
Event: 16.521 Loading class java/lang/foreign/ValueLayout done
Event: 16.521 Loading class java/lang/TypeNotPresentException
Event: 16.522 Loading class java/lang/TypeNotPresentException done
Event: 16.522 Loading class sun/invoke/util/ValueConversions$WrapperCache
Event: 16.523 Loading class sun/invoke/util/ValueConversions$WrapperCache done
Event: 16.540 Loading class sun/invoke/util/ValueConversions$1
Event: 16.540 Loading class sun/invoke/util/ValueConversions$1 done
Event: 16.541 Loading class java/lang/invoke/BoundMethodHandle$Species_LI
Event: 16.541 Loading class java/lang/invoke/BoundMethodHandle$Species_LI done
Event: 16.542 Loading class java/lang/invoke/ClassSpecializer$Factory$1Var
Event: 16.542 Loading class java/lang/invoke/ClassSpecializer$Factory$1Var done

Classes unloaded (0 events):
No events

Classes redefined (0 events):
No events

Internal exceptions (20 events):
Event: 3.804 Thread 0x0000025960fff8d0 Exception <a 'sun/nio/fs/WindowsException'{0x0000000092a11498}> (0x0000000092a11498) 
thrown [s\src\hotspot\share\prims\jni.cpp, line 537]
Event: 3.889 Thread 0x0000025960fff8d0 Exception <a 'sun/nio/fs/WindowsException'{0x0000000092ad5130}> (0x0000000092ad5130) 
thrown [s\src\hotspot\share\prims\jni.cpp, line 537]
Event: 4.230 Thread 0x0000025960fff8d0 Exception <a 'java/lang/NoSuchMethodError'{0x000000008d9ed120}: 'java.lang.Object java.lang.invoke.DirectMethodHandle$Holder.invokeStaticInit(java.lang.Object, java.lang.Object, int, int, int, int)'> (0x000000008d9ed120) 
thrown [s\src\hotspot\share\interpreter\linkResolver.cpp, line 784]
Event: 5.166 Thread 0x0000025960fff8d0 Implicit null exception at 0x000002596bce7596 to 0x000002596bce7738
Event: 11.091 Thread 0x000002597e7c85e0 Implicit null exception at 0x000002596bcbec87 to 0x000002596bcbed64
Event: 11.994 Thread 0x0000025960fff8d0 Exception <a 'java/lang/NoSuchMethodError'{0x000000008cf6b860}: 'java.lang.Object java.lang.invoke.DirectMethodHandle$Holder.newInvokeSpecial(java.lang.Object, double)'> (0x000000008cf6b860) 
thrown [s\src\hotspot\share\interpreter\linkResolver.cpp, line 784]
Event: 12.228 Thread 0x0000025960fff8d0 Exception <a 'sun/nio/fs/WindowsException'{0x0000000093ddccd0}> (0x0000000093ddccd0) 
thrown [s\src\hotspot\share\prims\jni.cpp, line 537]
Event: 12.232 Thread 0x0000025960fff8d0 Exception <a 'java/lang/NoSuchMethodError'{0x0000000093dddb78}: 'int java.lang.invoke.DirectMethodHandle$Holder.invokeInterface(java.lang.Object, java.lang.Object)'> (0x0000000093dddb78) 
thrown [s\src\hotspot\share\interpreter\linkResolver.cpp, line 784]
Event: 12.240 Thread 0x0000025960fff8d0 Exception <a 'java/lang/NoSuchMethodError'{0x0000000093de3b68}: 'void java.lang.invoke.DirectMethodHandle$Holder.invokeStatic(java.lang.Object, int, java.lang.Object)'> (0x0000000093de3b68) 
thrown [s\src\hotspot\share\interpreter\linkResolver.cpp, line 784]
Event: 12.276 Thread 0x0000025960fff8d0 Exception <a 'java/lang/NoSuchMethodError'{0x0000000093df5250}: 'java.lang.Object java.lang.invoke.DirectMethodHandle$Holder.newInvokeSpecial(java.lang.Object, java.lang.Object, java.lang.Object, java.lang.Object, java.lang.Object, java.lang.Object)'> (0x0000000093df5250) 
thrown [s\src\hotspot\share\interpreter\linkResolver.cpp, line 784]
Event: 16.307 Thread 0x0000025960fff8d0 Exception <a 'sun/nio/fs/WindowsException'{0x000000008f06d888}> (0x000000008f06d888) 
thrown [s\src\hotspot\share\prims\jni.cpp, line 537]
Event: 16.369 Thread 0x0000025960fff8d0 Exception <a 'sun/nio/fs/WindowsException'{0x000000008f0747e0}> (0x000000008f0747e0) 
thrown [s\src\hotspot\share\prims\jni.cpp, line 537]
Event: 16.370 Thread 0x0000025960fff8d0 Exception <a 'sun/nio/fs/WindowsException'{0x000000008f0754f0}> (0x000000008f0754f0) 
thrown [s\src\hotspot\share\prims\jni.cpp, line 537]
Event: 16.423 Thread 0x0000025960fff8d0 Implicit null exception at 0x000002596bc5b0a4 to 0x000002596bc5b6fc
Event: 16.525 Thread 0x0000025960fff8d0 Exception <a 'java/lang/UnsatisfiedLinkError'{0x000000008eebc7c8}: The specified procedure could not be found.
> (0x000000008eebc7c8) 
thrown [s\src\hotspot\share\prims\jni.cpp, line 572]
Event: 16.536 Thread 0x0000025960fff8d0 Exception <a 'java/lang/UnsatisfiedLinkError'{0x000000008eeda360}: The specified procedure could not be found.
> (0x000000008eeda360) 
thrown [s\src\hotspot\share\prims\jni.cpp, line 572]
Event: 16.539 Thread 0x0000025960fff8d0 Exception <a 'java/lang/NoSuchMethodError'{0x000000008eee0588}: 'void java.lang.invoke.DirectMethodHandle$Holder.invokeVirtual(java.lang.Object, java.lang.Object, long)'> (0x000000008eee0588) 
thrown [s\src\hotspot\share\interpreter\linkResolver.cpp, line 784]
Event: 16.540 Thread 0x0000025960fff8d0 Exception <a 'java/lang/NoSuchMethodError'{0x000000008eee4318}: 'long java.lang.invoke.DirectMethodHandle$Holder.invokeStatic(java.lang.Object, java.lang.Object, int)'> (0x000000008eee4318) 
thrown [s\src\hotspot\share\interpreter\linkResolver.cpp, line 784]
Event: 16.544 Thread 0x0000025960fff8d0 Exception <a 'java/lang/NoSuchMethodError'{0x000000008eef6488}: 'java.lang.Object java.lang.invoke.DirectMethodHandle$Holder.invokeStatic(java.lang.Object, java.lang.Object, java.lang.Object, java.lang.Object, int)'> (0x000000008eef6488) 
thrown [s\src\hotspot\share\interpreter\linkResolver.cpp, line 784]
Event: 16.547 Thread 0x0000025960fff8d0 Exception <a 'java/lang/NoSuchMethodError'{0x000000008ed00d10}: 'void java.lang.invoke.DelegatingMethodHandle$Holder.reinvoke_L(java.lang.Object, java.lang.Object, long)'> (0x000000008ed00d10) 
thrown [s\src\hotspot\share\interpreter\linkResolver.cpp, line 784]

ZGC Phase Switch (0 events):
No events

VM Operations (20 events):
Event: 14.350 Executing VM operation: G1CollectForAllocation (G1 Evacuation Pause)
Event: 15.282 Executing VM operation: G1CollectForAllocation (G1 Evacuation Pause) done
Event: 15.282 Executing VM operation: G1CollectForAllocation (GCLocker Initiated GC)
Event: 15.284 Executing VM operation: G1CollectForAllocation (GCLocker Initiated GC) done
Event: 16.284 Executing VM operation: Cleanup
Event: 16.284 Executing VM operation: Cleanup done
Event: 16.404 Executing VM operation: HandshakeAllThreads (Deoptimize)
Event: 16.404 Executing VM operation: HandshakeAllThreads (Deoptimize) done
Event: 17.404 Executing VM operation: Cleanup
Event: 17.584 Executing VM operation: Cleanup done
Event: 18.585 Executing VM operation: Cleanup
Event: 18.619 Executing VM operation: Cleanup done
Event: 18.697 Executing VM operation: G1CollectForAllocation (G1 Evacuation Pause)
Event: 18.700 Executing VM operation: G1CollectForAllocation (G1 Evacuation Pause) done
Event: 20.700 Executing VM operation: Cleanup
Event: 21.905 Executing VM operation: Cleanup done
Event: 22.293 Executing VM operation: G1CollectForAllocation (G1 Evacuation Pause)
Event: 22.297 Executing VM operation: G1CollectForAllocation (G1 Evacuation Pause) done
Event: 23.297 Executing VM operation: Cleanup
Event: 23.297 Executing VM operation: Cleanup done

Memory protections (0 events):
No events

Nmethod flushes (0 events):
No events

Events (20 events):
Event: 13.018 Thread 0x000002597de2c680 Thread exited: 0x000002597de2c680
Event: 13.019 Thread 0x000002597d906cb0 Thread exited: 0x000002597d906cb0
Event: 13.173 Thread 0x000002597e4c9630 Thread exited: 0x000002597e4c9630
Event: 14.260 Thread 0x000002597de2ac40 Thread exited: 0x000002597de2ac40
Event: 14.260 Thread 0x000002597de2b960 Thread exited: 0x000002597de2b960
Event: 14.261 Thread 0x000002597d2c3530 Thread exited: 0x000002597d2c3530
Event: 14.261 Thread 0x000002597e4c9ca0 Thread exited: 0x000002597e4c9ca0
Event: 14.262 Thread 0x000002597d2c2180 Thread exited: 0x000002597d2c2180
Event: 14.263 Thread 0x000002597d2c5600 Thread exited: 0x000002597d2c5600
Event: 14.263 Thread 0x000002597de2b2d0 Thread exited: 0x000002597de2b2d0
Event: 14.264 Thread 0x000002597d907320 Thread exited: 0x000002597d907320
Event: 14.264 Thread 0x000002597d2c2810 Thread exited: 0x000002597d2c2810
Event: 14.264 Thread 0x000002597de29f20 Thread exited: 0x000002597de29f20
Event: 14.265 Thread 0x000002597d2c3bc0 Thread exited: 0x000002597d2c3bc0
Event: 14.266 Thread 0x000002597d2c4250 Thread exited: 0x000002597d2c4250
Event: 15.289 Thread 0x000002597d2c48e0 Thread exited: 0x000002597d2c48e0
Event: 15.294 Thread 0x000002597dc84280 Thread exited: 0x000002597dc84280
Event: 16.189 Thread 0x000002597eb105f0 Thread exited: 0x000002597eb105f0
Event: 16.361 Loaded shared library C:\Users\R Y Z E N\AppData\Local\Temp\jna-431664664\jna10335577010904890206.dll
Event: 18.620 Thread 0x0000025978941140 Thread added: 0x000002597e358940


Dynamic libraries:
0x00007ff7a9570000 - 0x00007ff7a957a000 	C:\Program Files\Android\Android Studio\jbr\bin\java.exe
0x00007ffd86f80000 - 0x00007ffd871e7000 	C:\WINDOWS\SYSTEM32\ntdll.dll
0x00007ffd84e60000 - 0x00007ffd84f29000 	C:\WINDOWS\System32\KERNEL32.DLL
0x00007ffd839b0000 - 0x00007ffd83da7000 	C:\WINDOWS\System32\KERNELBASE.dll
0x00007ffd83ee0000 - 0x00007ffd8402b000 	C:\WINDOWS\System32\ucrtbase.dll
0x00007ffd79900000 - 0x00007ffd79918000 	C:\Program Files\Android\Android Studio\jbr\bin\jli.dll
0x00007ffd86770000 - 0x00007ffd86936000 	C:\WINDOWS\System32\USER32.dll
0x00007ffd849e0000 - 0x00007ffd84a07000 	C:\WINDOWS\System32\win32u.dll
0x00007ffd852b0000 - 0x00007ffd852db000 	C:\WINDOWS\System32\GDI32.dll
0x00007ffd83db0000 - 0x00007ffd83edc000 	C:\WINDOWS\System32\gdi32full.dll
0x00007ffd84c50000 - 0x00007ffd84cf3000 	C:\WINDOWS\System32\msvcp_win.dll
0x00007ffd64050000 - 0x00007ffd6406b000 	C:\Program Files\Android\Android Studio\jbr\bin\VCRUNTIME140.dll
0x00007ffd62810000 - 0x00007ffd62aa2000 	C:\WINDOWS\WinSxS\amd64_microsoft.windows.common-controls_6595b64144ccf1df_6.0.26100.8457_none_3e0b2faee331e92d\COMCTL32.dll
0x00007ffd869e0000 - 0x00007ffd86a89000 	C:\WINDOWS\System32\msvcrt.dll
0x00007ffd86610000 - 0x00007ffd86642000 	C:\WINDOWS\System32\IMM32.DLL
0x00007ffd64040000 - 0x00007ffd6404c000 	C:\Program Files\Android\Android Studio\jbr\bin\vcruntime140_1.dll
0x00007ffd40270000 - 0x00007ffd402fd000 	C:\Program Files\Android\Android Studio\jbr\bin\msvcp140.dll
0x00007ffc2f410000 - 0x00007ffc300a6000 	C:\Program Files\Android\Android Studio\jbr\bin\server\jvm.dll
0x00007ffd84f30000 - 0x00007ffd84fe6000 	C:\WINDOWS\System32\ADVAPI32.dll
0x00007ffd850f0000 - 0x00007ffd85197000 	C:\WINDOWS\System32\sechost.dll
0x00007ffd86e20000 - 0x00007ffd86f38000 	C:\WINDOWS\System32\RPCRT4.dll
0x00007ffd86650000 - 0x00007ffd866d0000 	C:\WINDOWS\System32\WS2_32.dll
0x00007ffd83810000 - 0x00007ffd8386e000 	C:\WINDOWS\SYSTEM32\POWRPROF.dll
0x00007ffd78c50000 - 0x00007ffd78c86000 	C:\WINDOWS\SYSTEM32\WINMM.dll
0x00007ffd7beb0000 - 0x00007ffd7bebb000 	C:\WINDOWS\SYSTEM32\VERSION.dll
0x00007ffd837f0000 - 0x00007ffd83804000 	C:\WINDOWS\SYSTEM32\UMPDC.dll
0x00007ffd82740000 - 0x00007ffd8275b000 	C:\WINDOWS\SYSTEM32\kernel.appcore.dll
0x00007ffd64030000 - 0x00007ffd6403a000 	C:\Program Files\Android\Android Studio\jbr\bin\jimage.dll
0x00007ffd7ab20000 - 0x00007ffd7ad62000 	C:\WINDOWS\SYSTEM32\DBGHELP.DLL
0x00007ffd86a90000 - 0x00007ffd86e13000 	C:\WINDOWS\System32\combase.dll
0x00007ffd85c60000 - 0x00007ffd85d39000 	C:\WINDOWS\System32\OLEAUT32.dll
0x00007ffd5aea0000 - 0x00007ffd5aedb000 	C:\WINDOWS\SYSTEM32\dbgcore.DLL
0x00007ffd848a0000 - 0x00007ffd84948000 	C:\WINDOWS\System32\bcryptPrimitives.dll
0x00007ffd64010000 - 0x00007ffd64030000 	C:\Program Files\Android\Android Studio\jbr\bin\java.dll
0x00007ffd62f50000 - 0x00007ffd62f68000 	C:\Program Files\Android\Android Studio\jbr\bin\zip.dll
0x00007ffd852e0000 - 0x00007ffd85a4e000 	C:\WINDOWS\System32\SHELL32.dll
0x00007ffd84030000 - 0x00007ffd8489c000 	C:\WINDOWS\System32\windows.storage.dll
0x00007ffd85d60000 - 0x00007ffd85e56000 	C:\WINDOWS\System32\SHCORE.dll
0x00007ffd866e0000 - 0x00007ffd86746000 	C:\WINDOWS\System32\shlwapi.dll
0x00007ffd838d0000 - 0x00007ffd838f9000 	C:\WINDOWS\SYSTEM32\profapi.dll
0x00007ffd64000000 - 0x00007ffd64010000 	C:\Program Files\Android\Android Studio\jbr\bin\net.dll
0x00007ffd7d310000 - 0x00007ffd7d439000 	C:\WINDOWS\SYSTEM32\WINHTTP.dll
0x00007ffd82cb0000 - 0x00007ffd82d1c000 	C:\WINDOWS\system32\mswsock.dll
0x00007ffd53320000 - 0x00007ffd53336000 	C:\Program Files\Android\Android Studio\jbr\bin\nio.dll
0x00007ffd82f90000 - 0x00007ffd82fab000 	C:\WINDOWS\SYSTEM32\CRYPTSP.dll
0x00007ffd826a0000 - 0x00007ffd826d9000 	C:\WINDOWS\system32\rsaenh.dll
0x00007ffd82d60000 - 0x00007ffd82d93000 	C:\WINDOWS\SYSTEM32\USERENV.dll
0x00007ffd838a0000 - 0x00007ffd838ca000 	C:\WINDOWS\SYSTEM32\bcrypt.dll
0x00007ffd82fb0000 - 0x00007ffd82fbc000 	C:\WINDOWS\SYSTEM32\CRYPTBASE.dll
0x00007ffd82160000 - 0x00007ffd82192000 	C:\WINDOWS\SYSTEM32\IPHLPAPI.DLL
0x00007ffd86750000 - 0x00007ffd8675a000 	C:\WINDOWS\System32\NSI.dll
0x00007ffd82200000 - 0x00007ffd82332000 	C:\WINDOWS\SYSTEM32\DNSAPI.dll
0x00007ffd7c920000 - 0x00007ffd7c92b000 	C:\Windows\System32\rasadhlp.dll
0x00007ffd7e860000 - 0x00007ffd7e8e6000 	C:\WINDOWS\System32\fwpuclnt.dll
0x00007ffd7d2b0000 - 0x00007ffd7d2b9000 	C:\Program Files\Android\Android Studio\jbr\bin\extnet.dll
0x00007ffd4e120000 - 0x00007ffd4e161000 	C:\Users\R Y Z E N\AppData\Local\Temp\jna-431664664\jna10335577010904890206.dll
0x00007ffd86950000 - 0x00007ffd86958000 	C:\WINDOWS\System32\PSAPI.DLL

JVMTI agents: none

dbghelp: loaded successfully - version: 4.0.5 - missing functions: none
symbol engine: initialized successfully - sym options: 0x614 - pdb path: .;C:\Program Files\Android\Android Studio\jbr\bin;C:\WINDOWS\SYSTEM32;C:\WINDOWS\WinSxS\amd64_microsoft.windows.common-controls_6595b64144ccf1df_6.0.26100.8457_none_3e0b2faee331e92d;C:\Program Files\Android\Android Studio\jbr\bin\server;C:\Users\R Y Z E N\AppData\Local\Temp\jna-431664664

VM Arguments:
jvm_args: -Dcom.android.sdklib.toolsdir=C:\Android\Sdk\cmdline-tools\latest\bin\\.. 
java_command: com.android.sdklib.tool.sdkmanager.SdkManagerCli --licenses
java_class_path (initial): C:\Android\Sdk\cmdline-tools\latest\bin\..\lib\sdkmanager-classpath.jar
Launcher Type: SUN_STANDARD

[Global flags]
     intx CICompilerCount                          = 4                                         {product} {ergonomic}
     uint ConcGCThreads                            = 3                                         {product} {ergonomic}
     uint G1ConcRefinementThreads                  = 10                                        {product} {ergonomic}
   size_t G1HeapRegionSize                         = 1048576                                   {product} {ergonomic}
    uintx GCDrainStackTargetSize                   = 64                                        {product} {ergonomic}
   size_t InitialHeapSize                          = 121634816                                 {product} {ergonomic}
   size_t MarkStackSize                            = 4194304                                   {product} {ergonomic}
   size_t MaxHeapSize                              = 1935671296                                {product} {ergonomic}
   size_t MaxNewSize                               = 1160773632                                {product} {ergonomic}
   size_t MinHeapDeltaBytes                        = 1048576                                   {product} {ergonomic}
   size_t MinHeapSize                              = 8388608                                   {product} {ergonomic}
    uintx NonNMethodCodeHeapSize                   = 5839372                                {pd product} {ergonomic}
    uintx NonProfiledCodeHeapSize                  = 122909434                              {pd product} {ergonomic}
    uintx ProfiledCodeHeapSize                     = 122909434                              {pd product} {ergonomic}
    uintx ReservedCodeCacheSize                    = 251658240                              {pd product} {ergonomic}
     bool SegmentedCodeCache                       = true                                      {product} {ergonomic}
   size_t SoftMaxHeapSize                          = 1935671296                             {manageable} {ergonomic}
     bool UseCompressedOops                        = true                           {product lp64_product} {ergonomic}
     bool UseG1GC                                  = true                                      {product} {ergonomic}
     bool UseLargePagesIndividualAllocation        = false                                  {pd product} {ergonomic}

Logging:
Log output configuration:
 #0: stdout all=warning uptime,level,tags foldmultilines=false
 #1: stderr all=off uptime,level,tags foldmultilines=false

Release file:
JAVA_VERSION="21.0.9" 
MODULES="java.base java.compiler java.datatransfer java.xml java.prefs java.desktop java.instrument java.logging java.management java.security.sasl java.naming java.rmi java.management.rmi java.net.http java.scripting java.security.jgss java.transaction.xa java.sql java.sql.rowset java.xml.crypto java.se java.smartcardio jdk.accessibility jdk.internal.jvmstat jdk.attach jdk.charsets jdk.internal.opt jdk.zipfs jdk.compiler jdk.crypto.ec jdk.crypto.cryptoki jdk.dynalink jdk.hotspot.agent jdk.httpserver jdk.internal.ed jdk.internal.le jdk.internal.vm.ci jdk.jartool jdk.javadoc jdk.jcmd jdk.jdeps jdk.jdwp.agent jdk.jdi jdk.jfr jdk.jlink jdk.jsobject jdk.localedata jdk.management jdk.management.agent jdk.management.jfr jdk.naming.dns jdk.naming.rmi jdk.net jdk.sctp jdk.security.auth jdk.security.jgss jdk.unsupported jdk.unsupported.desktop jdk.xml.dom" 
IMPLEMENTOR="JetBrains s.r.o." 
JAVA_RUNTIME_VERSION="21.0.9+-14649483-b1163.86" 
LIBC="default" 
OS_ARCH="x86_64" 
OS_NAME="Windows" 
SOURCE=".:git:554d0c326095" 

Environment Variables:
JAVA_HOME=C:\Program Files\Android\Android Studio\jbr
CLASSPATH=C:\Android\Sdk\cmdline-tools\latest\bin\..\lib\sdkmanager-classpath.jar
PATH=C:\Program Files\Android\Android Studio\jbr\bin;C:\src\flutter\bin\;C:\Users\R Y Z E N\AppData\Local\Programs\Microsoft VS Code;C:\windows\system32;C:\windows;C:\windows\System32\Wbem;C:\windows\System32\WindowsPowerShell\v1.0\;C:\windows\System32\OpenSSH\;C:\Program Files (x86)\NVIDIA Corporation\PhysX\Common;C:\Users\Administrator\AppData\Local\Microsoft\WindowsApps;C:\Program Files\HP\OMEN-Broadcast\Common;C:\Program Files\Microsoft VS Code\bin;C:\WINDOWS\system32;C:\WINDOWS;C:\WINDOWS\System32\Wbem;C:\WINDOWS\System32\WindowsPowerShell\v1.0\;C:\WINDOWS\System32\OpenSSH\;C:\Program Files\Git\cmd;C:\Program Files\NVIDIA Corporation\Nsight Compute 2022.3.0\;C:\Program Files\NVIDIA GPU Computing Toolkit\CUDA\v11.8\bin;C:\Program Files\NVIDIA GPU Computing Toolkit\CUDA\v11.8\libnvvp;C:\Program Files\NVIDIA Corporation\NVIDIA App\NvDLISR;C:\Program Files\Git LFS;C:\src\flutter\bin;C:\Program Files\Microsoft SQL Server\170\Tools\Binn\;C:\Program Files\Microsoft SQL Server\Client SDK\ODBC\170\Tools\Binn\;C:\Program Files\dotnet\;C:\Program Files (x86)\Windows Kits\10\Windows Performance Toolkit\;C:\Users\R Y Z E N\AppData\Local\Programs\Python\Python314\Scripts\;C:\Users\R Y Z E N\AppData\Local\Programs\Python\Python314\;C:\Users\R Y Z E N\AppData\Local\Programs\Python\Launcher\;C:\src\flutter\bin;C:\Android\Sdk\platform-tools;C:\Android\Sdk\cmdline-tools\latest\bin;C:\Users\R Y Z E N\.dotnet\tools;C:\Users\R Y Z E N\AppData\Local\Programs\Microsoft VS Code\bin;;c:\Users\R Y Z E N\.vscode\extensions\ms-python.debugpy-2026.6.0-win32-x64\bundled\scripts\noConfigScripts;C:\src\flutter\bin\mingit\cmd
USERNAME=R Y Z E N
LANG=en_US.UTF-8
OS=Windows_NT
PROCESSOR_IDENTIFIER=AMD64 Family 25 Model 68 Stepping 1, AuthenticAMD
TMP=C:\Users\RYZEN~1\AppData\Local\Temp
TEMP=C:\Users\RYZEN~1\AppData\Local\Temp




Periodic native trim disabled

JNI global refs:
JNI global refs: 21, weak refs: 48

JNI global refs memory usage: 835, weak refs: 833

Process memory usage:
Resident Set Size: 124528K (1% of 7558520K total physical memory with 516200K free physical memory)

OOME stack traces (most recent first):
Classloader memory used:
Loader bootstrap                                                                       : 21574K
Loader jdk.internal.loader.ClassLoaders$AppClassLoader                                 : 7609K
Loader jdk.internal.loader.ClassLoaders$PlatformClassLoader                            : 418K

---------------  S Y S T E M  ---------------

OS:
 Windows 11 , 64 bit Build 26100 (10.0.26100.8328)
OS uptime: 0 days 3:24 hours
Hyper-V role detected

CPU: total 12 (initial active 12) (12 cores per cpu, 2 threads per core) family 25 model 68 stepping 1 microcode 0xa404107, cx8, cmov, fxsr, ht, mmx, 3dnowpref, sse, sse2, sse3, ssse3, sse4a, sse4.1, sse4.2, popcnt, lzcnt, tsc, tscinvbit, avx, avx2, aes, erms, clmul, bmi1, bmi2, adx, sha, fma, vzeroupper, clflush, clflushopt, hv, rdtscp, rdpid, fsrm, f16c, cet_ss
Processor Information for the first 12 processors :
  Max Mhz: 3301, Current Mhz: 3301, Mhz Limit: 3301

Memory: 4k page, system-wide physical 7381M (504M free)
TotalPageFile size 23765M (AvailPageFile size 2M)
current process WorkingSet (physical memory assigned to process): 122M, peak: 132M
current process commit charge ("private bytes"): 195M, peak: 228M

vm_info: OpenJDK 64-Bit Server VM (21.0.9+-14649483-b1163.86) for windows-amd64 JRE (21.0.9+-14649483-b1163.86), built on 2025-12-30T22:08:35Z by "builder" with MS VC++ 16.10 / 16.11 (VS2019)

END.
